Line number|URL Prefix|URL Suffix,HTTP verb|URL Suffix,HTTP Body|URL Suffix,Expected HTTP status|URL Suffix,Expected HTTP response|URL Suffix,Comment|URL Suffix,Test Status|URL Suffix,HTTP code|URL Suffix,call duration|URL Suffix,HTTP body
2|http://127.0.0.1:57575/test/|post|POST|{"expectedDurationInMilliseconds":10,"expectedPayload":"{\"response\":\"must fail\"}","expectedHttpStatus":404}|404|{"response":"must fail"}|Test post|SUCCESS|404|######|{"response":"must fail"}
3|http://127.0.0.1:57575/test/|post|POST|{"expectedDurationInMilliseconds":10,"expectedPayload":"{\"response\":\"must fail\"}","expectedHttpStatus":400}|400|{"response":"must fail"}|Test post|SUCCESS|400|######|{"response":"must fail"}
4|http://127.0.0.1:57575/test/|post|POST|{"expectedDurationInMilliseconds":10,"expectedPayload":"{\"response\":\"must fail\"}","expectedHttpStatus":500}|500|{"response":"must fail"}|Test post|SUCCESS|500|######|{"response":"must fail"}
5|http://127.0.0.1:57575/test/|unexpected|POST|{"expectedDurationInMilliseconds":10,"expectedPayload":"{\"response\":\"must fail\"}","expectedHttpStatus":500}|404|{"timestamp":"#REGEX(\d{4}-\d{2}-\d{2}T\d{2}:\d{2}:\d{2}\.\d{3}[+\-]\d{2}:\d{2})#","status":404,"error":"Not Found","path":"/test/unexpected"}|Test post|SUCCESS|404|######|{"timestamp":"######","status":404,"error":"Not Found","path":"/test/unexpected"}
