Line numberURL Prefix,URL Suffix,HTTP verb	,HTTP Body,Expected HTTP status,Expected HTTP response,CommentTest StatusHTTP codecall durationHTTP body
2|http://127.0.0.1:57575/test/|post|POST|{"expectedDurationInMilliseconds":10,"expectedPayload":"{\"response\":\"must fail\"}","expectedHttpStatus":404}|404|{"response":"must fail"}|Test post|FAILURE|404|10|{"response":"must fail"}|"
"
3|http://127.0.0.1:57575/test/|post|POST|{"expectedDurationInMilliseconds":10,"expectedPayload":"{\"response\":\"must fail\"}","expectedHttpStatus":400}|400|{"response":"must fail"}|Test post|FAILURE|400|16|{"response":"must fail"}|"
"
4|http://127.0.0.1:57575/test/|post|POST|{"expectedDurationInMilliseconds":10,"expectedPayload":"{\"response\":\"must fail\"}","expectedHttpStatus":500}|500|{"response":"must fail"}|Test post|FAILURE|500|4|{"response":"must fail"}|"
"
5|http://127.0.0.1:57575/test/|unexpected|POST|{"expectedDurationInMilliseconds":10,"expectedPayload":"{\"response\":\"must fail\"}","expectedHttpStatus":500}|404|{"response":"must fail"}|Test post|SUCCESS|404|7|{"timestamp":"2024-12-31T16:37:34.239+00:00","status":404,"error":"Not Found","path":"/test/unexpected"}|"
"
